============================================================
TESTING PROMPT VARIETY
============================================================

PYTHON PROMPTS (showing topic variety):

  1. Topic: enumerate tricks
  2. Topic: type hints
  3. Topic: generators
  4. Topic: pathlib
  5. Topic: dataclasses

JAVASCRIPT PROMPTS (showing topic variety):

  1. Topic: fetch API
  2. Topic: fetch API
  3. Topic: async/await
  4. Topic: promises
  5. Topic: async/await

ML/AI PROMPTS (showing topic variety):

  1. Topic: feature scaling
  2. Topic: gradient descent
  3. Topic: neural networks
  4. Topic: feature scaling
  5. Topic: neural networks

CLEAN CODE PROMPTS (showing topic variety):

  1. Topic: code comments
  2. Topic: code duplication
  3. Topic: DRY principle
  4. Topic: code comments
  5. Topic: error handling

============================================================
SUCCESS: Each call generates a DIFFERENT topic!
============================================================
